Archive member included to satisfy reference by file (symbol)

/usr/lib/gcc/riscv64-unknown-elf/13.2.0/rv32im/ilp32/libgcc.a(divsf3.o)
                              firmware/lauda.o (__divsf3)
/usr/lib/gcc/riscv64-unknown-elf/13.2.0/rv32im/ilp32/libgcc.a(gesf2.o)
                              firmware/lauda.o (__gtsf2)
/usr/lib/gcc/riscv64-unknown-elf/13.2.0/rv32im/ilp32/libgcc.a(mulsf3.o)
                              firmware/lauda.o (__mulsf3)
/usr/lib/gcc/riscv64-unknown-elf/13.2.0/rv32im/ilp32/libgcc.a(fixsfsi.o)
                              firmware/lauda.o (__fixsfsi)
/usr/lib/gcc/riscv64-unknown-elf/13.2.0/rv32im/ilp32/libgcc.a(_clzsi2.o)
                              /usr/lib/gcc/riscv64-unknown-elf/13.2.0/rv32im/ilp32/libgcc.a(divsf3.o) (__clzsi2)
/usr/lib/gcc/riscv64-unknown-elf/13.2.0/rv32im/ilp32/libgcc.a(_clz.o)
                              /usr/lib/gcc/riscv64-unknown-elf/13.2.0/rv32im/ilp32/libgcc.a(_clzsi2.o) (__clz_tab)

Discarded input sections

 .debug_info    0x00000000      0x358 /usr/lib/gcc/riscv64-unknown-elf/13.2.0/rv32im/ilp32/libgcc.a(divsf3.o)
 .debug_abbrev  0x00000000      0x141 /usr/lib/gcc/riscv64-unknown-elf/13.2.0/rv32im/ilp32/libgcc.a(divsf3.o)
 .debug_loclists
                0x00000000      0x450 /usr/lib/gcc/riscv64-unknown-elf/13.2.0/rv32im/ilp32/libgcc.a(divsf3.o)
 .debug_aranges
                0x00000000       0x20 /usr/lib/gcc/riscv64-unknown-elf/13.2.0/rv32im/ilp32/libgcc.a(divsf3.o)
 .debug_rnglists
                0x00000000       0x7d /usr/lib/gcc/riscv64-unknown-elf/13.2.0/rv32im/ilp32/libgcc.a(divsf3.o)
 .debug_line    0x00000000      0x89e /usr/lib/gcc/riscv64-unknown-elf/13.2.0/rv32im/ilp32/libgcc.a(divsf3.o)
 .debug_str     0x00000000      0x2c6 /usr/lib/gcc/riscv64-unknown-elf/13.2.0/rv32im/ilp32/libgcc.a(divsf3.o)
 .debug_line_str
                0x00000000      0x154 /usr/lib/gcc/riscv64-unknown-elf/13.2.0/rv32im/ilp32/libgcc.a(divsf3.o)
 .debug_frame   0x00000000       0x4c /usr/lib/gcc/riscv64-unknown-elf/13.2.0/rv32im/ilp32/libgcc.a(divsf3.o)
 .debug_info    0x00000000      0x201 /usr/lib/gcc/riscv64-unknown-elf/13.2.0/rv32im/ilp32/libgcc.a(gesf2.o)
 .debug_abbrev  0x00000000      0x15f /usr/lib/gcc/riscv64-unknown-elf/13.2.0/rv32im/ilp32/libgcc.a(gesf2.o)
 .debug_loclists
                0x00000000       0x8f /usr/lib/gcc/riscv64-unknown-elf/13.2.0/rv32im/ilp32/libgcc.a(gesf2.o)
 .debug_aranges
                0x00000000       0x20 /usr/lib/gcc/riscv64-unknown-elf/13.2.0/rv32im/ilp32/libgcc.a(gesf2.o)
 .debug_rnglists
                0x00000000       0x20 /usr/lib/gcc/riscv64-unknown-elf/13.2.0/rv32im/ilp32/libgcc.a(gesf2.o)
 .debug_line    0x00000000      0x2df /usr/lib/gcc/riscv64-unknown-elf/13.2.0/rv32im/ilp32/libgcc.a(gesf2.o)
 .debug_str     0x00000000      0x1b3 /usr/lib/gcc/riscv64-unknown-elf/13.2.0/rv32im/ilp32/libgcc.a(gesf2.o)
 .debug_line_str
                0x00000000      0x161 /usr/lib/gcc/riscv64-unknown-elf/13.2.0/rv32im/ilp32/libgcc.a(gesf2.o)
 .debug_frame   0x00000000       0x20 /usr/lib/gcc/riscv64-unknown-elf/13.2.0/rv32im/ilp32/libgcc.a(gesf2.o)
 .debug_info    0x00000000      0x348 /usr/lib/gcc/riscv64-unknown-elf/13.2.0/rv32im/ilp32/libgcc.a(mulsf3.o)
 .debug_abbrev  0x00000000      0x150 /usr/lib/gcc/riscv64-unknown-elf/13.2.0/rv32im/ilp32/libgcc.a(mulsf3.o)
 .debug_loclists
                0x00000000      0x356 /usr/lib/gcc/riscv64-unknown-elf/13.2.0/rv32im/ilp32/libgcc.a(mulsf3.o)
 .debug_aranges
                0x00000000       0x20 /usr/lib/gcc/riscv64-unknown-elf/13.2.0/rv32im/ilp32/libgcc.a(mulsf3.o)
 .debug_rnglists
                0x00000000       0x7d /usr/lib/gcc/riscv64-unknown-elf/13.2.0/rv32im/ilp32/libgcc.a(mulsf3.o)
 .debug_line    0x00000000      0x7e9 /usr/lib/gcc/riscv64-unknown-elf/13.2.0/rv32im/ilp32/libgcc.a(mulsf3.o)
 .debug_str     0x00000000      0x281 /usr/lib/gcc/riscv64-unknown-elf/13.2.0/rv32im/ilp32/libgcc.a(mulsf3.o)
 .debug_line_str
                0x00000000      0x15e /usr/lib/gcc/riscv64-unknown-elf/13.2.0/rv32im/ilp32/libgcc.a(mulsf3.o)
 .debug_frame   0x00000000       0x4c /usr/lib/gcc/riscv64-unknown-elf/13.2.0/rv32im/ilp32/libgcc.a(mulsf3.o)
 .debug_info    0x00000000      0x1b1 /usr/lib/gcc/riscv64-unknown-elf/13.2.0/rv32im/ilp32/libgcc.a(fixsfsi.o)
 .debug_abbrev  0x00000000      0x15d /usr/lib/gcc/riscv64-unknown-elf/13.2.0/rv32im/ilp32/libgcc.a(fixsfsi.o)
 .debug_loclists
                0x00000000       0x8e /usr/lib/gcc/riscv64-unknown-elf/13.2.0/rv32im/ilp32/libgcc.a(fixsfsi.o)
 .debug_aranges
                0x00000000       0x20 /usr/lib/gcc/riscv64-unknown-elf/13.2.0/rv32im/ilp32/libgcc.a(fixsfsi.o)
 .debug_rnglists
                0x00000000       0x13 /usr/lib/gcc/riscv64-unknown-elf/13.2.0/rv32im/ilp32/libgcc.a(fixsfsi.o)
 .debug_line    0x00000000      0x209 /usr/lib/gcc/riscv64-unknown-elf/13.2.0/rv32im/ilp32/libgcc.a(fixsfsi.o)
 .debug_str     0x00000000      0x194 /usr/lib/gcc/riscv64-unknown-elf/13.2.0/rv32im/ilp32/libgcc.a(fixsfsi.o)
 .debug_line_str
                0x00000000      0x161 /usr/lib/gcc/riscv64-unknown-elf/13.2.0/rv32im/ilp32/libgcc.a(fixsfsi.o)
 .debug_frame   0x00000000       0x20 /usr/lib/gcc/riscv64-unknown-elf/13.2.0/rv32im/ilp32/libgcc.a(fixsfsi.o)
 .debug_info    0x00000000      0x142 /usr/lib/gcc/riscv64-unknown-elf/13.2.0/rv32im/ilp32/libgcc.a(_clzsi2.o)
 .debug_abbrev  0x00000000       0xca /usr/lib/gcc/riscv64-unknown-elf/13.2.0/rv32im/ilp32/libgcc.a(_clzsi2.o)
 .debug_loclists
                0x00000000       0x44 /usr/lib/gcc/riscv64-unknown-elf/13.2.0/rv32im/ilp32/libgcc.a(_clzsi2.o)
 .debug_aranges
                0x00000000       0x20 /usr/lib/gcc/riscv64-unknown-elf/13.2.0/rv32im/ilp32/libgcc.a(_clzsi2.o)
 .debug_rnglists
                0x00000000       0x16 /usr/lib/gcc/riscv64-unknown-elf/13.2.0/rv32im/ilp32/libgcc.a(_clzsi2.o)
 .debug_line    0x00000000       0xdf /usr/lib/gcc/riscv64-unknown-elf/13.2.0/rv32im/ilp32/libgcc.a(_clzsi2.o)
 .debug_str     0x00000000      0x1a8 /usr/lib/gcc/riscv64-unknown-elf/13.2.0/rv32im/ilp32/libgcc.a(_clzsi2.o)
 .debug_line_str
                0x00000000      0x148 /usr/lib/gcc/riscv64-unknown-elf/13.2.0/rv32im/ilp32/libgcc.a(_clzsi2.o)
 .debug_frame   0x00000000       0x20 /usr/lib/gcc/riscv64-unknown-elf/13.2.0/rv32im/ilp32/libgcc.a(_clzsi2.o)
 .debug_info    0x00000000       0xd8 /usr/lib/gcc/riscv64-unknown-elf/13.2.0/rv32im/ilp32/libgcc.a(_clz.o)
 .debug_abbrev  0x00000000       0x70 /usr/lib/gcc/riscv64-unknown-elf/13.2.0/rv32im/ilp32/libgcc.a(_clz.o)
 .debug_aranges
                0x00000000       0x18 /usr/lib/gcc/riscv64-unknown-elf/13.2.0/rv32im/ilp32/libgcc.a(_clz.o)
 .debug_line    0x00000000       0x3f /usr/lib/gcc/riscv64-unknown-elf/13.2.0/rv32im/ilp32/libgcc.a(_clz.o)
 .debug_str     0x00000000      0x18b /usr/lib/gcc/riscv64-unknown-elf/13.2.0/rv32im/ilp32/libgcc.a(_clz.o)
 .debug_line_str
                0x00000000      0x148 /usr/lib/gcc/riscv64-unknown-elf/13.2.0/rv32im/ilp32/libgcc.a(_clz.o)

Memory Configuration

Name             Origin             Length             Attributes
mem              0x00000000         0x00020000
*default*        0x00000000         0xffffffff

Linker script and memory map


.memory         0x00000000     0x1de0
                0x00000000                        . = 0x0
 start*(.text)
 *(.text)
 .text          0x00000000        0xe firmware/custom_start.o
                0x00000000                _start
 .text          0x0000000e       0x76 firmware/print.o
                0x0000000e                print_chr
                0x00000016                print_str
                0x00000028                print_dec
                0x0000005e                print_hex
 .text          0x00000084      0x10a firmware/lauda.o
                0x00000084                lauda
 .text          0x0000018e       0xe6 firmware/stats.o
                0x00000204                stats
 *fill*         0x00000274        0x0 
 .text          0x00000274      0x330 /usr/lib/gcc/riscv64-unknown-elf/13.2.0/rv32im/ilp32/libgcc.a(divsf3.o)
                0x00000274                __divsf3
 .text          0x000005a4       0xac /usr/lib/gcc/riscv64-unknown-elf/13.2.0/rv32im/ilp32/libgcc.a(gesf2.o)
                0x000005a4                __gtsf2
                0x000005a4                __gesf2
 .text          0x00000650      0x31c /usr/lib/gcc/riscv64-unknown-elf/13.2.0/rv32im/ilp32/libgcc.a(mulsf3.o)
                0x00000650                __mulsf3
 .text          0x0000096c       0x70 /usr/lib/gcc/riscv64-unknown-elf/13.2.0/rv32im/ilp32/libgcc.a(fixsfsi.o)
                0x0000096c                __fixsfsi
 .text          0x000009dc       0x4c /usr/lib/gcc/riscv64-unknown-elf/13.2.0/rv32im/ilp32/libgcc.a(_clzsi2.o)
                0x000009dc                __clzsi2
 .text          0x00000a28        0x0 /usr/lib/gcc/riscv64-unknown-elf/13.2.0/rv32im/ilp32/libgcc.a(_clz.o)
 *(*)
 .data          0x00000a28        0x0 firmware/custom_start.o
 *fill*         0x00000a28        0x8 
 .bss           0x00000a30     0x1000 firmware/custom_start.o
 .riscv.attributes
                0x00001a30       0x2d firmware/custom_start.o
 .data          0x00001a5d        0x0 firmware/print.o
 .bss           0x00001a5d        0x0 firmware/print.o
 *fill*         0x00001a5d        0x3 
 .rodata.str1.4
                0x00001a60       0x7a firmware/print.o
                                 0x11 (size before relaxing)
 .comment       0x00001ada       0x22 firmware/print.o
                                 0x23 (size before relaxing)
 .riscv.attributes
                0x00001afc       0x2f firmware/print.o
 *fill*         0x00001b2b        0x1 
 .data          0x00001b2c       0x10 firmware/lauda.o
                0x00001b2c                weights
 .bss           0x00001b3c        0x0 firmware/lauda.o
 .rodata.str1.4
                0x00001b3c       0x2e firmware/lauda.o
 .srodata.cst4  0x00001b3c        0x4 firmware/lauda.o
 .sdata         0x00001b40        0x4 firmware/lauda.o
                0x00001b40                len
 .comment       0x00001b44       0x23 firmware/lauda.o
 .riscv.attributes
                0x00001b44       0x2f firmware/lauda.o
 .data          0x00001b73        0x0 firmware/stats.o
 .bss           0x00001b73        0x0 firmware/stats.o
 .rodata.str1.4
                0x00001b73       0x3e firmware/stats.o
 .comment       0x00001b73       0x23 firmware/stats.o
 .riscv.attributes
                0x00001b73       0x2f firmware/stats.o
 .data          0x00001ba2        0x0 /usr/lib/gcc/riscv64-unknown-elf/13.2.0/rv32im/ilp32/libgcc.a(divsf3.o)
 .bss           0x00001ba2        0x0 /usr/lib/gcc/riscv64-unknown-elf/13.2.0/rv32im/ilp32/libgcc.a(divsf3.o)
 *fill*         0x00001ba2        0x2 
 .rodata        0x00001ba4       0x3c /usr/lib/gcc/riscv64-unknown-elf/13.2.0/rv32im/ilp32/libgcc.a(divsf3.o)
 .comment       0x00001be0       0x23 /usr/lib/gcc/riscv64-unknown-elf/13.2.0/rv32im/ilp32/libgcc.a(divsf3.o)
 .riscv.attributes
                0x00001be0       0x2a /usr/lib/gcc/riscv64-unknown-elf/13.2.0/rv32im/ilp32/libgcc.a(divsf3.o)
 .data          0x00001c0a        0x0 /usr/lib/gcc/riscv64-unknown-elf/13.2.0/rv32im/ilp32/libgcc.a(gesf2.o)
 .bss           0x00001c0a        0x0 /usr/lib/gcc/riscv64-unknown-elf/13.2.0/rv32im/ilp32/libgcc.a(gesf2.o)
 .comment       0x00001c0a       0x23 /usr/lib/gcc/riscv64-unknown-elf/13.2.0/rv32im/ilp32/libgcc.a(gesf2.o)
 .riscv.attributes
                0x00001c0a       0x2a /usr/lib/gcc/riscv64-unknown-elf/13.2.0/rv32im/ilp32/libgcc.a(gesf2.o)
 .data          0x00001c34        0x0 /usr/lib/gcc/riscv64-unknown-elf/13.2.0/rv32im/ilp32/libgcc.a(mulsf3.o)
 .bss           0x00001c34        0x0 /usr/lib/gcc/riscv64-unknown-elf/13.2.0/rv32im/ilp32/libgcc.a(mulsf3.o)
 .comment       0x00001c34       0x23 /usr/lib/gcc/riscv64-unknown-elf/13.2.0/rv32im/ilp32/libgcc.a(mulsf3.o)
 .riscv.attributes
                0x00001c34       0x2a /usr/lib/gcc/riscv64-unknown-elf/13.2.0/rv32im/ilp32/libgcc.a(mulsf3.o)
 .data          0x00001c5e        0x0 /usr/lib/gcc/riscv64-unknown-elf/13.2.0/rv32im/ilp32/libgcc.a(fixsfsi.o)
 .bss           0x00001c5e        0x0 /usr/lib/gcc/riscv64-unknown-elf/13.2.0/rv32im/ilp32/libgcc.a(fixsfsi.o)
 .comment       0x00001c5e       0x23 /usr/lib/gcc/riscv64-unknown-elf/13.2.0/rv32im/ilp32/libgcc.a(fixsfsi.o)
 .riscv.attributes
                0x00001c5e       0x2a /usr/lib/gcc/riscv64-unknown-elf/13.2.0/rv32im/ilp32/libgcc.a(fixsfsi.o)
 .data          0x00001c88        0x0 /usr/lib/gcc/riscv64-unknown-elf/13.2.0/rv32im/ilp32/libgcc.a(_clzsi2.o)
 .bss           0x00001c88        0x0 /usr/lib/gcc/riscv64-unknown-elf/13.2.0/rv32im/ilp32/libgcc.a(_clzsi2.o)
 .comment       0x00001c88       0x23 /usr/lib/gcc/riscv64-unknown-elf/13.2.0/rv32im/ilp32/libgcc.a(_clzsi2.o)
 .riscv.attributes
                0x00001c88       0x2a /usr/lib/gcc/riscv64-unknown-elf/13.2.0/rv32im/ilp32/libgcc.a(_clzsi2.o)
 .data          0x00001cb2        0x0 /usr/lib/gcc/riscv64-unknown-elf/13.2.0/rv32im/ilp32/libgcc.a(_clz.o)
 .bss           0x00001cb2        0x0 /usr/lib/gcc/riscv64-unknown-elf/13.2.0/rv32im/ilp32/libgcc.a(_clz.o)
 *fill*         0x00001cb2        0x2 
 .rodata        0x00001cb4      0x100 /usr/lib/gcc/riscv64-unknown-elf/13.2.0/rv32im/ilp32/libgcc.a(_clz.o)
                0x00001cb4                __clz_tab
 .comment       0x00001db4       0x23 /usr/lib/gcc/riscv64-unknown-elf/13.2.0/rv32im/ilp32/libgcc.a(_clz.o)
 .riscv.attributes
                0x00001db4       0x2a /usr/lib/gcc/riscv64-unknown-elf/13.2.0/rv32im/ilp32/libgcc.a(_clz.o)
                0x00001dde                        end = .
                0x00001de0                        . = ALIGN (0x4)
 *fill*         0x00001dde        0x2 
LOAD firmware/custom_start.o
LOAD firmware/print.o
LOAD firmware/lauda.o
LOAD firmware/stats.o
LOAD /usr/lib/gcc/riscv64-unknown-elf/13.2.0/rv32im/ilp32/libgcc.a
OUTPUT(firmware/firmware.elf elf32-littleriscv)
