Archive member included to satisfy reference by file (symbol)

/usr/lib/gcc/riscv64-unknown-elf/13.2.0/rv32im/ilp32/libgcc.a(divsf3.o)
                              firmware/lauda.o (__divsf3)
/usr/lib/gcc/riscv64-unknown-elf/13.2.0/rv32im/ilp32/libgcc.a(gesf2.o)
                              firmware/lauda.o (__gtsf2)
/usr/lib/gcc/riscv64-unknown-elf/13.2.0/rv32im/ilp32/libgcc.a(mulsf3.o)
                              firmware/lauda.o (__mulsf3)
/usr/lib/gcc/riscv64-unknown-elf/13.2.0/rv32im/ilp32/libgcc.a(fixsfsi.o)
                              firmware/lauda.o (__fixsfsi)
/usr/lib/gcc/riscv64-unknown-elf/13.2.0/rv32im/ilp32/libgcc.a(_clzsi2.o)
                              /usr/lib/gcc/riscv64-unknown-elf/13.2.0/rv32im/ilp32/libgcc.a(divsf3.o) (__clzsi2)
/usr/lib/gcc/riscv64-unknown-elf/13.2.0/rv32im/ilp32/libgcc.a(_clz.o)
                              /usr/lib/gcc/riscv64-unknown-elf/13.2.0/rv32im/ilp32/libgcc.a(_clzsi2.o) (__clz_tab)

Discarded input sections

 .debug_info    0x00000000      0x358 /usr/lib/gcc/riscv64-unknown-elf/13.2.0/rv32im/ilp32/libgcc.a(divsf3.o)
 .debug_abbrev  0x00000000      0x141 /usr/lib/gcc/riscv64-unknown-elf/13.2.0/rv32im/ilp32/libgcc.a(divsf3.o)
 .debug_loclists
                0x00000000      0x450 /usr/lib/gcc/riscv64-unknown-elf/13.2.0/rv32im/ilp32/libgcc.a(divsf3.o)
 .debug_aranges
                0x00000000       0x20 /usr/lib/gcc/riscv64-unknown-elf/13.2.0/rv32im/ilp32/libgcc.a(divsf3.o)
 .debug_rnglists
                0x00000000       0x7d /usr/lib/gcc/riscv64-unknown-elf/13.2.0/rv32im/ilp32/libgcc.a(divsf3.o)
 .debug_line    0x00000000      0x89e /usr/lib/gcc/riscv64-unknown-elf/13.2.0/rv32im/ilp32/libgcc.a(divsf3.o)
 .debug_str     0x00000000      0x2c6 /usr/lib/gcc/riscv64-unknown-elf/13.2.0/rv32im/ilp32/libgcc.a(divsf3.o)
 .debug_line_str
                0x00000000      0x154 /usr/lib/gcc/riscv64-unknown-elf/13.2.0/rv32im/ilp32/libgcc.a(divsf3.o)
 .debug_frame   0x00000000       0x4c /usr/lib/gcc/riscv64-unknown-elf/13.2.0/rv32im/ilp32/libgcc.a(divsf3.o)
 .debug_info    0x00000000      0x201 /usr/lib/gcc/riscv64-unknown-elf/13.2.0/rv32im/ilp32/libgcc.a(gesf2.o)
 .debug_abbrev  0x00000000      0x15f /usr/lib/gcc/riscv64-unknown-elf/13.2.0/rv32im/ilp32/libgcc.a(gesf2.o)
 .debug_loclists
                0x00000000       0x8f /usr/lib/gcc/riscv64-unknown-elf/13.2.0/rv32im/ilp32/libgcc.a(gesf2.o)
 .debug_aranges
                0x00000000       0x20 /usr/lib/gcc/riscv64-unknown-elf/13.2.0/rv32im/ilp32/libgcc.a(gesf2.o)
 .debug_rnglists
                0x00000000       0x20 /usr/lib/gcc/riscv64-unknown-elf/13.2.0/rv32im/ilp32/libgcc.a(gesf2.o)
 .debug_line    0x00000000      0x2df /usr/lib/gcc/riscv64-unknown-elf/13.2.0/rv32im/ilp32/libgcc.a(gesf2.o)
 .debug_str     0x00000000      0x1b3 /usr/lib/gcc/riscv64-unknown-elf/13.2.0/rv32im/ilp32/libgcc.a(gesf2.o)
 .debug_line_str
                0x00000000      0x161 /usr/lib/gcc/riscv64-unknown-elf/13.2.0/rv32im/ilp32/libgcc.a(gesf2.o)
 .debug_frame   0x00000000       0x20 /usr/lib/gcc/riscv64-unknown-elf/13.2.0/rv32im/ilp32/libgcc.a(gesf2.o)
 .debug_info    0x00000000      0x348 /usr/lib/gcc/riscv64-unknown-elf/13.2.0/rv32im/ilp32/libgcc.a(mulsf3.o)
 .debug_abbrev  0x00000000      0x150 /usr/lib/gcc/riscv64-unknown-elf/13.2.0/rv32im/ilp32/libgcc.a(mulsf3.o)
 .debug_loclists
                0x00000000      0x356 /usr/lib/gcc/riscv64-unknown-elf/13.2.0/rv32im/ilp32/libgcc.a(mulsf3.o)
 .debug_aranges
                0x00000000       0x20 /usr/lib/gcc/riscv64-unknown-elf/13.2.0/rv32im/ilp32/libgcc.a(mulsf3.o)
 .debug_rnglists
                0x00000000       0x7d /usr/lib/gcc/riscv64-unknown-elf/13.2.0/rv32im/ilp32/libgcc.a(mulsf3.o)
 .debug_line    0x00000000      0x7e9 /usr/lib/gcc/riscv64-unknown-elf/13.2.0/rv32im/ilp32/libgcc.a(mulsf3.o)
 .debug_str     0x00000000      0x281 /usr/lib/gcc/riscv64-unknown-elf/13.2.0/rv32im/ilp32/libgcc.a(mulsf3.o)
 .debug_line_str
                0x00000000      0x15e /usr/lib/gcc/riscv64-unknown-elf/13.2.0/rv32im/ilp32/libgcc.a(mulsf3.o)
 .debug_frame   0x00000000       0x4c /usr/lib/gcc/riscv64-unknown-elf/13.2.0/rv32im/ilp32/libgcc.a(mulsf3.o)
 .debug_info    0x00000000      0x1b1 /usr/lib/gcc/riscv64-unknown-elf/13.2.0/rv32im/ilp32/libgcc.a(fixsfsi.o)
 .debug_abbrev  0x00000000      0x15d /usr/lib/gcc/riscv64-unknown-elf/13.2.0/rv32im/ilp32/libgcc.a(fixsfsi.o)
 .debug_loclists
                0x00000000       0x8e /usr/lib/gcc/riscv64-unknown-elf/13.2.0/rv32im/ilp32/libgcc.a(fixsfsi.o)
 .debug_aranges
                0x00000000       0x20 /usr/lib/gcc/riscv64-unknown-elf/13.2.0/rv32im/ilp32/libgcc.a(fixsfsi.o)
 .debug_rnglists
                0x00000000       0x13 /usr/lib/gcc/riscv64-unknown-elf/13.2.0/rv32im/ilp32/libgcc.a(fixsfsi.o)
 .debug_line    0x00000000      0x209 /usr/lib/gcc/riscv64-unknown-elf/13.2.0/rv32im/ilp32/libgcc.a(fixsfsi.o)
 .debug_str     0x00000000      0x194 /usr/lib/gcc/riscv64-unknown-elf/13.2.0/rv32im/ilp32/libgcc.a(fixsfsi.o)
 .debug_line_str
                0x00000000      0x161 /usr/lib/gcc/riscv64-unknown-elf/13.2.0/rv32im/ilp32/libgcc.a(fixsfsi.o)
 .debug_frame   0x00000000       0x20 /usr/lib/gcc/riscv64-unknown-elf/13.2.0/rv32im/ilp32/libgcc.a(fixsfsi.o)
 .debug_info    0x00000000      0x142 /usr/lib/gcc/riscv64-unknown-elf/13.2.0/rv32im/ilp32/libgcc.a(_clzsi2.o)
 .debug_abbrev  0x00000000       0xca /usr/lib/gcc/riscv64-unknown-elf/13.2.0/rv32im/ilp32/libgcc.a(_clzsi2.o)
 .debug_loclists
                0x00000000       0x44 /usr/lib/gcc/riscv64-unknown-elf/13.2.0/rv32im/ilp32/libgcc.a(_clzsi2.o)
 .debug_aranges
                0x00000000       0x20 /usr/lib/gcc/riscv64-unknown-elf/13.2.0/rv32im/ilp32/libgcc.a(_clzsi2.o)
 .debug_rnglists
                0x00000000       0x16 /usr/lib/gcc/riscv64-unknown-elf/13.2.0/rv32im/ilp32/libgcc.a(_clzsi2.o)
 .debug_line    0x00000000       0xdf /usr/lib/gcc/riscv64-unknown-elf/13.2.0/rv32im/ilp32/libgcc.a(_clzsi2.o)
 .debug_str     0x00000000      0x1a8 /usr/lib/gcc/riscv64-unknown-elf/13.2.0/rv32im/ilp32/libgcc.a(_clzsi2.o)
 .debug_line_str
                0x00000000      0x148 /usr/lib/gcc/riscv64-unknown-elf/13.2.0/rv32im/ilp32/libgcc.a(_clzsi2.o)
 .debug_frame   0x00000000       0x20 /usr/lib/gcc/riscv64-unknown-elf/13.2.0/rv32im/ilp32/libgcc.a(_clzsi2.o)
 .debug_info    0x00000000       0xd8 /usr/lib/gcc/riscv64-unknown-elf/13.2.0/rv32im/ilp32/libgcc.a(_clz.o)
 .debug_abbrev  0x00000000       0x70 /usr/lib/gcc/riscv64-unknown-elf/13.2.0/rv32im/ilp32/libgcc.a(_clz.o)
 .debug_aranges
                0x00000000       0x18 /usr/lib/gcc/riscv64-unknown-elf/13.2.0/rv32im/ilp32/libgcc.a(_clz.o)
 .debug_line    0x00000000       0x3f /usr/lib/gcc/riscv64-unknown-elf/13.2.0/rv32im/ilp32/libgcc.a(_clz.o)
 .debug_str     0x00000000      0x18b /usr/lib/gcc/riscv64-unknown-elf/13.2.0/rv32im/ilp32/libgcc.a(_clz.o)
 .debug_line_str
                0x00000000      0x148 /usr/lib/gcc/riscv64-unknown-elf/13.2.0/rv32im/ilp32/libgcc.a(_clz.o)

Memory Configuration

Name             Origin             Length             Attributes
mem              0x00000000         0x00020000
*default*        0x00000000         0xffffffff

Linker script and memory map


.memory         0x00000000     0x1e10
                0x00000000                        . = 0x0
 start*(.text)
 *(.text)
 .text          0x00000000       0x3c firmware/custom_start.o
                0x00000000                _start
 .text          0x0000003c       0x76 firmware/print.o
                0x0000003c                print_chr
                0x00000044                print_str
                0x00000056                print_dec
                0x0000008c                print_hex
 .text          0x000000b2      0x110 firmware/lauda.o
                0x000000b2                lauda
 .text          0x000001c2       0xe6 firmware/stats.o
                0x00000238                stats
 *fill*         0x000002a8        0x0 
 .text          0x000002a8      0x330 /usr/lib/gcc/riscv64-unknown-elf/13.2.0/rv32im/ilp32/libgcc.a(divsf3.o)
                0x000002a8                __divsf3
 .text          0x000005d8       0xac /usr/lib/gcc/riscv64-unknown-elf/13.2.0/rv32im/ilp32/libgcc.a(gesf2.o)
                0x000005d8                __gtsf2
                0x000005d8                __gesf2
 .text          0x00000684      0x31c /usr/lib/gcc/riscv64-unknown-elf/13.2.0/rv32im/ilp32/libgcc.a(mulsf3.o)
                0x00000684                __mulsf3
 .text          0x000009a0       0x70 /usr/lib/gcc/riscv64-unknown-elf/13.2.0/rv32im/ilp32/libgcc.a(fixsfsi.o)
                0x000009a0                __fixsfsi
 .text          0x00000a10       0x4c /usr/lib/gcc/riscv64-unknown-elf/13.2.0/rv32im/ilp32/libgcc.a(_clzsi2.o)
                0x00000a10                __clzsi2
 .text          0x00000a5c        0x0 /usr/lib/gcc/riscv64-unknown-elf/13.2.0/rv32im/ilp32/libgcc.a(_clz.o)
 *(*)
 .data          0x00000a5c        0x0 firmware/custom_start.o
 *fill*         0x00000a5c        0x4 
 .bss           0x00000a60     0x1000 firmware/custom_start.o
 .riscv.attributes
                0x00001a60       0x2d firmware/custom_start.o
 .data          0x00001a8d        0x0 firmware/print.o
 .bss           0x00001a8d        0x0 firmware/print.o
 *fill*         0x00001a8d        0x3 
 .rodata.str1.4
                0x00001a90       0x7a firmware/print.o
                                 0x11 (size before relaxing)
 .comment       0x00001b0a       0x22 firmware/print.o
                                 0x23 (size before relaxing)
 .riscv.attributes
                0x00001b2c       0x2f firmware/print.o
 *fill*         0x00001b5b        0x1 
 .data          0x00001b5c       0x10 firmware/lauda.o
                0x00001b5c                weights
 .bss           0x00001b6c        0x0 firmware/lauda.o
 .rodata.str1.4
                0x00001b6c       0x2e firmware/lauda.o
 .srodata.cst4  0x00001b6c        0x4 firmware/lauda.o
 .sdata         0x00001b70        0x4 firmware/lauda.o
                0x00001b70                len
 .comment       0x00001b74       0x23 firmware/lauda.o
 .riscv.attributes
                0x00001b74       0x2f firmware/lauda.o
 .data          0x00001ba3        0x0 firmware/stats.o
 .bss           0x00001ba3        0x0 firmware/stats.o
 .rodata.str1.4
                0x00001ba3       0x3e firmware/stats.o
 .comment       0x00001ba3       0x23 firmware/stats.o
 .riscv.attributes
                0x00001ba3       0x2f firmware/stats.o
 .data          0x00001bd2        0x0 /usr/lib/gcc/riscv64-unknown-elf/13.2.0/rv32im/ilp32/libgcc.a(divsf3.o)
 .bss           0x00001bd2        0x0 /usr/lib/gcc/riscv64-unknown-elf/13.2.0/rv32im/ilp32/libgcc.a(divsf3.o)
 *fill*         0x00001bd2        0x2 
 .rodata        0x00001bd4       0x3c /usr/lib/gcc/riscv64-unknown-elf/13.2.0/rv32im/ilp32/libgcc.a(divsf3.o)
 .comment       0x00001c10       0x23 /usr/lib/gcc/riscv64-unknown-elf/13.2.0/rv32im/ilp32/libgcc.a(divsf3.o)
 .riscv.attributes
                0x00001c10       0x2a /usr/lib/gcc/riscv64-unknown-elf/13.2.0/rv32im/ilp32/libgcc.a(divsf3.o)
 .data          0x00001c3a        0x0 /usr/lib/gcc/riscv64-unknown-elf/13.2.0/rv32im/ilp32/libgcc.a(gesf2.o)
 .bss           0x00001c3a        0x0 /usr/lib/gcc/riscv64-unknown-elf/13.2.0/rv32im/ilp32/libgcc.a(gesf2.o)
 .comment       0x00001c3a       0x23 /usr/lib/gcc/riscv64-unknown-elf/13.2.0/rv32im/ilp32/libgcc.a(gesf2.o)
 .riscv.attributes
                0x00001c3a       0x2a /usr/lib/gcc/riscv64-unknown-elf/13.2.0/rv32im/ilp32/libgcc.a(gesf2.o)
 .data          0x00001c64        0x0 /usr/lib/gcc/riscv64-unknown-elf/13.2.0/rv32im/ilp32/libgcc.a(mulsf3.o)
 .bss           0x00001c64        0x0 /usr/lib/gcc/riscv64-unknown-elf/13.2.0/rv32im/ilp32/libgcc.a(mulsf3.o)
 .comment       0x00001c64       0x23 /usr/lib/gcc/riscv64-unknown-elf/13.2.0/rv32im/ilp32/libgcc.a(mulsf3.o)
 .riscv.attributes
                0x00001c64       0x2a /usr/lib/gcc/riscv64-unknown-elf/13.2.0/rv32im/ilp32/libgcc.a(mulsf3.o)
 .data          0x00001c8e        0x0 /usr/lib/gcc/riscv64-unknown-elf/13.2.0/rv32im/ilp32/libgcc.a(fixsfsi.o)
 .bss           0x00001c8e        0x0 /usr/lib/gcc/riscv64-unknown-elf/13.2.0/rv32im/ilp32/libgcc.a(fixsfsi.o)
 .comment       0x00001c8e       0x23 /usr/lib/gcc/riscv64-unknown-elf/13.2.0/rv32im/ilp32/libgcc.a(fixsfsi.o)
 .riscv.attributes
                0x00001c8e       0x2a /usr/lib/gcc/riscv64-unknown-elf/13.2.0/rv32im/ilp32/libgcc.a(fixsfsi.o)
 .data          0x00001cb8        0x0 /usr/lib/gcc/riscv64-unknown-elf/13.2.0/rv32im/ilp32/libgcc.a(_clzsi2.o)
 .bss           0x00001cb8        0x0 /usr/lib/gcc/riscv64-unknown-elf/13.2.0/rv32im/ilp32/libgcc.a(_clzsi2.o)
 .comment       0x00001cb8       0x23 /usr/lib/gcc/riscv64-unknown-elf/13.2.0/rv32im/ilp32/libgcc.a(_clzsi2.o)
 .riscv.attributes
                0x00001cb8       0x2a /usr/lib/gcc/riscv64-unknown-elf/13.2.0/rv32im/ilp32/libgcc.a(_clzsi2.o)
 .data          0x00001ce2        0x0 /usr/lib/gcc/riscv64-unknown-elf/13.2.0/rv32im/ilp32/libgcc.a(_clz.o)
 .bss           0x00001ce2        0x0 /usr/lib/gcc/riscv64-unknown-elf/13.2.0/rv32im/ilp32/libgcc.a(_clz.o)
 *fill*         0x00001ce2        0x2 
 .rodata        0x00001ce4      0x100 /usr/lib/gcc/riscv64-unknown-elf/13.2.0/rv32im/ilp32/libgcc.a(_clz.o)
                0x00001ce4                __clz_tab
 .comment       0x00001de4       0x23 /usr/lib/gcc/riscv64-unknown-elf/13.2.0/rv32im/ilp32/libgcc.a(_clz.o)
 .riscv.attributes
                0x00001de4       0x2a /usr/lib/gcc/riscv64-unknown-elf/13.2.0/rv32im/ilp32/libgcc.a(_clz.o)
                0x00001e0e                        end = .
                0x00001e10                        . = ALIGN (0x4)
 *fill*         0x00001e0e        0x2 
LOAD firmware/custom_start.o
LOAD firmware/print.o
LOAD firmware/lauda.o
LOAD firmware/stats.o
LOAD /usr/lib/gcc/riscv64-unknown-elf/13.2.0/rv32im/ilp32/libgcc.a
OUTPUT(firmware/firmware.elf elf32-littleriscv)
